$TYPE som
$GRID_TOPOLOGY planar
$GRID_LAYOUT rectangular
$XDIM 40
$YDIM 20
$ZDIM 1
$VEC_DIM 10
$STORAGE_DATE 26.01.21, 22:11
$TRAINING_TIME 
$LEARNRATE_TYPE exponential
$LEARNRATE_INIT 0.7
$NEIGHBORHOOD_TYPE exponential
$NEIGHBORHOOD_INIT 20.0
$RAND_INIT 50
$ITERATIONS_TOTAL 100000
$NR_TRAINVEC_TOTAL 850
$ADAPTIVE_COORDINATES_THRESHOLD 
$VEC_NORMALIZED true
$QUANTERROR_MAP <error receiving value: Quality measure with name mqe not found.>
$QUANTERROR_VEC <error receiving value: Quality measure with name mqe not found.>
$URL_TRAINING_VEC C:\Users\Alex\Dropbox\LC_SOS\sos2020\ex3\data\10clusters_input.vec
$URL_TRAINING_VEC_DESCR 
$URL_WEIGHT_VEC C:\Users\Alex\Dropbox\LC_SOS\sos2020\ex3\data\10clusters_40x20.wgt
$URL_QUANTERR_MAP 
$URL_MAPPED_INPUT_VEC 
$URL_MAPPED_INPUT_VEC_DESCR 
$URL_UNIT_DESCR C:\Users\Alex\Dropbox\LC_SOS\sos2020\ex3\data\10clusters_40x20.unit
$URL_TEMPLATE_VECTOR C:\Users\Alex\Dropbox\LC_SOS\sos2020\ex3\data\10clusters_template.vec
$URL_DATA_WINNER_MAPPING C:\Users\Alex\Dropbox\LC_SOS\sos2020\ex3\data\10clusters_40x20.dwm
$URL_CLASS_INFO 
$URL_LABELS 
$METRIC at.tuwien.ifs.somtoolbox.layers.metrics.L2Metric
$LAYER_REVISION $Revision: 4300 $
$DESCRIPTION 
$AVAILABLE_VIS 
$DATA_TYPE unknown
$DATA_DIM 
